../nwk_ip/base/shell/shell_ip.c:3699:17:SHELL_SearchInterfaceById	0	static
../nwk_ip/base/shell/shell_ip.c:5480:15:SHELL_GetNeighborsIpAddr	32	static
../nwk_ip/base/shell/shell_ip.c:1435:15:SHELL_Identify	8	static
../nwk_ip/base/shell/shell_ip.c:1574:13:SHELL_InterruptCb	8	static
../nwk_ip/base/shell/shell_ip.c:3272:13:SHELL_PrintStatus	8	static
../nwk_ip/base/shell/shell_ip.c:3423:13:SHELL_PrintNeighborState	8	static
../nwk_ip/base/shell/shell_ip.c:3577:13:SHELL_PrintBuff	16	static
../nwk_ip/base/shell/shell_ip.c:3599:13:SHELL_ReadBuff	24	static
../nwk_ip/base/shell/shell_ip.c:5357:13:SHELL_Filtering_Print	48	static
../nwk_ip/base/shell/shell_ip.c:3530:13:SHELL_PrintNwkCapabilities	24	static
../nwk_ip/base/shell/shell_ip.c:3481:13:SHELL_PrintDevType	24	static
../nwk_ip/base/shell/shell_ip.c:3463:13:SHELL_PrintDevRole	24	static
../nwk_ip/base/shell/shell_ip.c:1371:13:SHELL_Resume	8	static
../nwk_ip/base/shell/shell_ip.c:5225:15:SHELL_Filter	40	static
../nwk_ip/base/shell/shell_ip.c:1980:15:SHELL_FactoryResetReq	8	static
../nwk_ip/base/shell/shell_ip.c:1415:15:SHELL_Reboot	8	static
../nwk_ip/base/shell/shell_ip.c:3626:15:SHELL_ReadIPv6Addr	8	static
../nwk_ip/base/shell/shell_ip.c:3728:15:SHELL_CoapSend	104	static
../nwk_ip/base/shell/shell_ip.c:5532:6:SHELL_MgmtDiagnosticAppCb	96	static
../nwk_ip/base/shell/shell_ip.c:3984:13:SHELL_CoapAckReceive	80	static
../nwk_ip/base/shell/shell_ip.c:5173:15:SHELL_SendDns	24	static
../nwk_ip/base/shell/shell_ip.c:4487:13:PING_TimerCallback	8	static
../nwk_ip/base/shell/shell_ip.c:1542:13:SHELL_ProcessCb	24	static
../nwk_ip/base/shell/shell_ip.c:4582:13:PING_RetransmitCallback	8	static
../nwk_ip/base/shell/shell_ip.c:4658:13:PING_SendPing	16	static
../nwk_ip/base/shell/shell_ip.c:3664:23:SHELL_SearchInterfaceByName	24	static
../nwk_ip/base/shell/shell_ip.c:4283:21:PING_CreatePktInfo	32	static
../nwk_ip/base/shell/shell_ip.c:4076:15:SHELL_Ping	24	static
../nwk_ip/base/shell/shell_ip.c:4502:13:PING_HandleTimerCallback	16	static
../nwk_ip/base/shell/shell_ip.c:4598:13:PING_RetransmitHandle	16	static
../nwk_ip/base/shell/shell_ip.c:1107:6:PING_EchoReplyReceiveAsync	16	static
../nwk_ip/base/shell/shell_ip.c:4774:15:SHELL_MulticastGroups	104	static
../nwk_ip/base/shell/shell_ip.c:1933:13:SHELL_PrintFirewallRules	80	static
../nwk_ip/base/shell/shell_ip.c:1836:15:SHELL_IpFirewall	64	static
../nwk_ip/base/shell/shell_ip.c:1777:13:SHELL_PrintIPv6Routes	72	static
../nwk_ip/base/shell/shell_ip.c:1708:15:SHELL_Routes	64	static
../nwk_ip/base/shell/shell_ip.c:3147:13:SHELL_ThrStopCommissioner	8	static
../nwk_ip/base/shell/shell_ip.c:3131:13:SHELL_ThrStartCommissioner	8	static
../nwk_ip/base/shell/shell_ip.c:3063:13:SHELL_ThrNwkJoin	8	static
../nwk_ip/base/shell/shell_ip.c:3099:13:SHELL_ThrNwkCreate	8	static
../nwk_ip/base/shell/shell_ip.c:3162:13:SHELL_PrintJoinersTbl	24	static
../nwk_ip/base/shell/shell_ip.c:2001:15:SHELL_ThrCommands	152	static
../nwk_ip/base/shell/shell_ip.c:3203:13:SHELL_PrintRoutingTbl	32	static
../nwk_ip/base/shell/shell_ip.c:3294:13:SHELL_PrintParentInfo	24	static
../nwk_ip/base/shell/shell_ip.c:3325:13:SHELL_PrintNeighborTbl	48	static
../nwk_ip/base/shell/shell_ip.c:3383:13:SHELL_PrintNeighborInfo	24	static
../nwk_ip/base/shell/shell_ip.c:3506:13:SHELL_PrintActiveTimestamp	48	static
../nwk_ip/base/shell/shell_ip.c:1454:13:SHELL_Process	112	static
../nwk_ip/base/shell/shell_ip.c:4383:13:PING_EchoReplyReceive	32	static
../nwk_ip/base/shell/shell_ip.c:1129:6:SHELL_DnsNdDataService	96	static
../nwk_ip/base/shell/shell_ip.c:1225:6:SHELL_DnsService	64	static
../nwk_ip/base/shell/shell_ip.c:771:6:SHELLComm_Init	8	static
../nwk_ip/base/shell/shell_ip.c:798:6:SHELL_PrintIpAddr	104	static
../nwk_ip/base/shell/shell_ip.c:1604:15:SHELL_Ifconfig	40	static
../nwk_ip/base/shell/shell_ip.c:923:6:SHELL_EvMonitorInit	8	static
../nwk_ip/base/shell/shell_ip.c:942:6:SHELL_EvMonitor	16	static
../nwk_ip/base/shell/shell_ip.c:1056:6:SHELL_NwkScanPrint	24	static
