../source/router_eligible_device_app.c:579:13:APP_TeamTimerCb	0	static
../source/router_eligible_device_app.c:646:13:APP_ThrNwkJoin	8	static
../source/router_eligible_device_app.c:918:13:APP_JoinEventsHandler	8	static
../source/router_eligible_device_app.c:664:13:App_JoinTimerCallback	8	static
../source/router_eligible_device_app.c:799:13:APP_AppModeHandleKeyboard	8	static
../source/router_eligible_device_app.c:894:13:App_UpdateStateLeds	8	static
../source/router_eligible_device_app.c:685:13:APP_ConfigModeSwShortPressHandler	8	static
../source/router_eligible_device_app.c:756:13:APP_ConfigModeHandleKeyboard	8	static
../source/router_eligible_device_app.c:868:13:App_HandleKeyboard	8	static
../source/router_eligible_device_app.c:1521:13:App_RestoreLeaderLed	8	static
../source/router_eligible_device_app.c:1254:13:APP_LocalDataSinkRelease	24	static
../source/router_eligible_device_app.c:1053:20:APP_SendDataSinkCommand	40	static
../source/router_eligible_device_app.c:1104:13:APP_SendDataSinkRelease	24	static
../source/router_eligible_device_app.c:1683:13:APP_ReplyIfCon	8	static
../source/router_eligible_device_app.c:966:13:APP_CoapGenericCallback	8	static
../source/router_eligible_device_app.c:1482:13:APP_CoapSinkCb	16	static
../source/router_eligible_device_app.c:1307:13:APP_ProcessLedCmd	24	static
../source/router_eligible_device_app.c:1128:13:APP_SendLedCommand	24	static
../source/router_eligible_device_app.c:1236:13:APP_SendLedColorWheel	32	static
../source/router_eligible_device_app.c:1219:13:APP_SendLedFlash	16	static
../source/router_eligible_device_app.c:1202:13:APP_SendLedRgbOff	40	static
../source/router_eligible_device_app.c:1277:13:APP_CoapLedCb	16	static
../source/router_eligible_device_app.c:1171:13:APP_SendLedRgbOn	56	static
../source/router_eligible_device_app.c:1004:13:APP_ReportTemp	24	static
../source/router_eligible_device_app.c:1082:13:APP_SendDataSinkCreate	16	static
../source/router_eligible_device_app.c:600:13:APP_InitCoapDemo	112	static
../source/router_eligible_device_app.c:524:13:APP_CoapTeamCb	80	static
../source/router_eligible_device_app.c:1667:13:APP_PrintTmrInfo	80	static
../source/router_eligible_device_app.c:1623:13:APP_CoapNotifyAckCb	56	static
../source/router_eligible_device_app.c:1411:13:APP_CoapTempCb	88	static
../source/router_eligible_device_app.c:1641:13:APP_NotifyRequester	24	static
../source/router_eligible_device_app.c:1714:13:APP_CoapRestartTmrCb	16	static
../source/router_eligible_device_app.c:1704:13:APP_CoapStartTmrCb	16	static
../source/router_eligible_device_app.c:1695:13:APP_CoapStopTmrCb	16	static
../source/router_eligible_device_app.c:220:6:APP_Init	8	static
../source/router_eligible_device_app.c:282:6:APP_Handler	8	static
../source/router_eligible_device_app.c:307:6:APP_NwkScanHandler	16	static
../source/router_eligible_device_app.c:333:6:Stack_to_APP_Handler	16	static
../source/router_eligible_device_app.c:441:6:APP_Commissioning_Handler	80	static
../source/router_eligible_device_app.c:509:6:App_RestoreLeaderLedCb	8	static
