../source/router_eligible_device_app.c:902:13:APP_TeamTimerCb	0	static
../source/router_eligible_device_app.c:970:13:APP_ThrNwkJoin	8	static
../source/router_eligible_device_app.c:1242:13:APP_JoinEventsHandler	8	static
../source/router_eligible_device_app.c:988:13:App_JoinTimerCallback	8	static
../source/router_eligible_device_app.c:1123:13:APP_AppModeHandleKeyboard	8	static
../source/router_eligible_device_app.c:1218:13:App_UpdateStateLeds	8	static
../source/router_eligible_device_app.c:1009:13:APP_ConfigModeSwShortPressHandler	8	static
../source/router_eligible_device_app.c:1080:13:APP_ConfigModeHandleKeyboard	8	static
../source/router_eligible_device_app.c:1192:13:App_HandleKeyboard	8	static
../source/router_eligible_device_app.c:1845:13:App_RestoreLeaderLed	8	static
../source/router_eligible_device_app.c:1578:13:APP_LocalDataSinkRelease	24	static
../source/router_eligible_device_app.c:1377:20:APP_SendDataSinkCommand	40	static
../source/router_eligible_device_app.c:1428:13:APP_SendDataSinkRelease	24	static
../source/router_eligible_device_app.c:2010:13:APP_ReplyIfCon	8	static
../source/router_eligible_device_app.c:1290:13:APP_CoapGenericCallback	8	static
../source/router_eligible_device_app.c:1806:13:APP_CoapSinkCb	16	static
../source/router_eligible_device_app.c:1631:13:APP_ProcessLedCmd	24	static
../source/router_eligible_device_app.c:1452:13:APP_SendLedCommand	24	static
../source/router_eligible_device_app.c:1560:13:APP_SendLedColorWheel	32	static
../source/router_eligible_device_app.c:1543:13:APP_SendLedFlash	16	static
../source/router_eligible_device_app.c:1526:13:APP_SendLedRgbOff	40	static
../source/router_eligible_device_app.c:1601:13:APP_CoapLedCb	16	static
../source/router_eligible_device_app.c:1495:13:APP_SendLedRgbOn	56	static
../source/router_eligible_device_app.c:1328:13:APP_ReportTemp	24	static
../source/router_eligible_device_app.c:1406:13:APP_SendDataSinkCreate	16	static
../source/router_eligible_device_app.c:923:13:APP_InitCoapDemo	120	static
../source/router_eligible_device_app.c:1994:13:APP_PrintTmrInfo	80	static
../source/router_eligible_device_app.c:1947:13:APP_CoapNotifyAckCb	56	static
../source/router_eligible_device_app.c:1735:13:APP_CoapTempCb	88	static
../source/router_eligible_device_app.c:1968:13:APP_NotifyRequester	24	static
../source/router_eligible_device_app.c:2041:13:APP_CoapRestartTmrCb	16	static
../source/router_eligible_device_app.c:2031:13:APP_CoapStartTmrCb	16	static
../source/router_eligible_device_app.c:840:13:APP_CoapTeamCb	80	static
../source/router_eligible_device_app.c:702:13:APP_SendAccelToRequester	16	static
../source/router_eligible_device_app.c:2022:13:APP_CoapStopTmrCb	16	static
../source/router_eligible_device_app.c:583:15:APP_AccelRead	48	static
../source/router_eligible_device_app.c:680:15:APP_AccelGetXYZ	16	static
../source/router_eligible_device_app.c:753:13:APP_CoapAccelCb	80	static
../source/router_eligible_device_app.c:565:15:APP_AccelWrite	48	static
../source/router_eligible_device_app.c:605:15:APP_AccelInit	40	static
../source/router_eligible_device_app.c:255:6:APP_Init	8	static
../source/router_eligible_device_app.c:325:6:APP_Handler	8	static
../source/router_eligible_device_app.c:350:6:APP_NwkScanHandler	16	static
../source/router_eligible_device_app.c:376:6:Stack_to_APP_Handler	16	static
../source/router_eligible_device_app.c:484:6:APP_Commissioning_Handler	80	static
../source/router_eligible_device_app.c:552:6:App_RestoreLeaderLedCb	8	static
