../source/router_eligible_device_app.c:892:13:APP_TeamTimerCb	0	static
../source/router_eligible_device_app.c:960:13:APP_ThrNwkJoin	8	static
../source/router_eligible_device_app.c:1232:13:APP_JoinEventsHandler	8	static
../source/router_eligible_device_app.c:978:13:App_JoinTimerCallback	8	static
../source/router_eligible_device_app.c:1113:13:APP_AppModeHandleKeyboard	8	static
../source/router_eligible_device_app.c:1208:13:App_UpdateStateLeds	8	static
../source/router_eligible_device_app.c:999:13:APP_ConfigModeSwShortPressHandler	8	static
../source/router_eligible_device_app.c:1070:13:APP_ConfigModeHandleKeyboard	8	static
../source/router_eligible_device_app.c:1182:13:App_HandleKeyboard	8	static
../source/router_eligible_device_app.c:1835:13:App_RestoreLeaderLed	8	static
../source/router_eligible_device_app.c:1568:13:APP_LocalDataSinkRelease	24	static
../source/router_eligible_device_app.c:1367:20:APP_SendDataSinkCommand	40	static
../source/router_eligible_device_app.c:1418:13:APP_SendDataSinkRelease	24	static
../source/router_eligible_device_app.c:1997:13:APP_ReplyIfCon	8	static
../source/router_eligible_device_app.c:1280:13:APP_CoapGenericCallback	8	static
../source/router_eligible_device_app.c:1796:13:APP_CoapSinkCb	16	static
../source/router_eligible_device_app.c:1621:13:APP_ProcessLedCmd	24	static
../source/router_eligible_device_app.c:1442:13:APP_SendLedCommand	24	static
../source/router_eligible_device_app.c:1550:13:APP_SendLedColorWheel	32	static
../source/router_eligible_device_app.c:1533:13:APP_SendLedFlash	16	static
../source/router_eligible_device_app.c:1516:13:APP_SendLedRgbOff	40	static
../source/router_eligible_device_app.c:1591:13:APP_CoapLedCb	16	static
../source/router_eligible_device_app.c:1485:13:APP_SendLedRgbOn	56	static
../source/router_eligible_device_app.c:1318:13:APP_ReportTemp	24	static
../source/router_eligible_device_app.c:1396:13:APP_SendDataSinkCreate	16	static
../source/router_eligible_device_app.c:913:13:APP_InitCoapDemo	120	static
../source/router_eligible_device_app.c:837:13:APP_CoapTeamCb	80	static
../source/router_eligible_device_app.c:1981:13:APP_PrintTmrInfo	80	static
../source/router_eligible_device_app.c:1937:13:APP_CoapNotifyAckCb	56	static
../source/router_eligible_device_app.c:1725:13:APP_CoapTempCb	88	static
../source/router_eligible_device_app.c:1955:13:APP_NotifyRequester	24	static
../source/router_eligible_device_app.c:2028:13:APP_CoapRestartTmrCb	16	static
../source/router_eligible_device_app.c:2018:13:APP_CoapStartTmrCb	16	static
../source/router_eligible_device_app.c:699:13:APP_SendAccelToRequester	16	static
../source/router_eligible_device_app.c:2009:13:APP_CoapStopTmrCb	16	static
../source/router_eligible_device_app.c:580:15:APP_AccelRead	48	static
../source/router_eligible_device_app.c:677:15:APP_AccelGetXYZ	16	static
../source/router_eligible_device_app.c:750:13:APP_CoapAccelCb	80	static
../source/router_eligible_device_app.c:562:15:APP_AccelWrite	48	static
../source/router_eligible_device_app.c:602:15:APP_AccelInit	40	static
../source/router_eligible_device_app.c:252:6:APP_Init	8	static
../source/router_eligible_device_app.c:322:6:APP_Handler	8	static
../source/router_eligible_device_app.c:347:6:APP_NwkScanHandler	16	static
../source/router_eligible_device_app.c:373:6:Stack_to_APP_Handler	16	static
../source/router_eligible_device_app.c:481:6:APP_Commissioning_Handler	80	static
../source/router_eligible_device_app.c:549:6:App_RestoreLeaderLedCb	8	static
