../source/router_eligible_device_app.c:714:13:APP_ThrNwkJoin	8	static
../source/router_eligible_device_app.c:986:13:APP_JoinEventsHandler	8	static
../source/router_eligible_device_app.c:732:13:App_JoinTimerCallback	8	static
../source/router_eligible_device_app.c:867:13:APP_AppModeHandleKeyboard	8	static
../source/router_eligible_device_app.c:570:13:APP_RequestTimerCb	8	static
../source/router_eligible_device_app.c:962:13:App_UpdateStateLeds	8	static
../source/router_eligible_device_app.c:753:13:APP_ConfigModeSwShortPressHandler	8	static
../source/router_eligible_device_app.c:824:13:APP_ConfigModeHandleKeyboard	8	static
../source/router_eligible_device_app.c:936:13:App_HandleKeyboard	8	static
../source/router_eligible_device_app.c:1589:13:App_RestoreLeaderLed	8	static
../source/router_eligible_device_app.c:1322:13:APP_LocalDataSinkRelease	24	static
../source/router_eligible_device_app.c:1121:20:APP_SendDataSinkCommand	40	static
../source/router_eligible_device_app.c:1172:13:APP_SendDataSinkRelease	24	static
../source/router_eligible_device_app.c:1692:13:APP_ReplyIfCon	8	static
../source/router_eligible_device_app.c:1034:13:APP_CoapGenericCallback	8	static
../source/router_eligible_device_app.c:1550:13:APP_CoapSinkCb	16	static
../source/router_eligible_device_app.c:1375:13:APP_ProcessLedCmd	24	static
../source/router_eligible_device_app.c:1196:13:APP_SendLedCommand	24	static
../source/router_eligible_device_app.c:1304:13:APP_SendLedColorWheel	32	static
../source/router_eligible_device_app.c:1287:13:APP_SendLedFlash	16	static
../source/router_eligible_device_app.c:1270:13:APP_SendLedRgbOff	40	static
../source/router_eligible_device_app.c:1345:13:APP_CoapLedCb	16	static
../source/router_eligible_device_app.c:1239:13:APP_SendLedRgbOn	56	static
../source/router_eligible_device_app.c:1072:13:APP_ReportTemp	24	static
../source/router_eligible_device_app.c:1150:13:APP_SendDataSinkCreate	16	static
../source/router_eligible_device_app.c:1701:13:APP_CoapStopMyTmrCb	16	static
../source/router_eligible_device_app.c:1479:13:APP_CoapTempCb	88	static
../source/router_eligible_device_app.c:580:15:APP_InitLeaderAddr	104	static
../source/router_eligible_device_app.c:685:13:APP_InitCoapDemo	88	static
../source/router_eligible_device_app.c:539:13:APP_StartCounterRequests	8	static
../source/router_eligible_device_app.c:608:13:APP_SendCounterRequest	16	static
../source/router_eligible_device_app.c:559:13:APP_RequestCounterMsg	8	static
../source/router_eligible_device_app.c:642:13:APP_CoapCounterReplyCb	80	static
../source/router_eligible_device_app.c:233:6:APP_Init	8	static
../source/router_eligible_device_app.c:295:6:APP_Handler	8	static
../source/router_eligible_device_app.c:320:6:APP_NwkScanHandler	16	static
../source/router_eligible_device_app.c:346:6:Stack_to_APP_Handler	16	static
../source/router_eligible_device_app.c:458:6:APP_Commissioning_Handler	80	static
../source/router_eligible_device_app.c:526:6:App_RestoreLeaderLedCb	8	static
