../source/router_eligible_device_app.c:720:13:APP_ThrNwkJoin	8	static
../source/router_eligible_device_app.c:992:13:APP_JoinEventsHandler	8	static
../source/router_eligible_device_app.c:738:13:App_JoinTimerCallback	8	static
../source/router_eligible_device_app.c:873:13:APP_AppModeHandleKeyboard	8	static
../source/router_eligible_device_app.c:573:13:APP_RequestTimerCb	8	static
../source/router_eligible_device_app.c:968:13:App_UpdateStateLeds	8	static
../source/router_eligible_device_app.c:759:13:APP_ConfigModeSwShortPressHandler	8	static
../source/router_eligible_device_app.c:830:13:APP_ConfigModeHandleKeyboard	8	static
../source/router_eligible_device_app.c:942:13:App_HandleKeyboard	8	static
../source/router_eligible_device_app.c:1595:13:App_RestoreLeaderLed	8	static
../source/router_eligible_device_app.c:1328:13:APP_LocalDataSinkRelease	24	static
../source/router_eligible_device_app.c:1127:20:APP_SendDataSinkCommand	40	static
../source/router_eligible_device_app.c:1178:13:APP_SendDataSinkRelease	24	static
../source/router_eligible_device_app.c:1714:13:APP_ReplyIfCon	8	static
../source/router_eligible_device_app.c:1040:13:APP_CoapGenericCallback	8	static
../source/router_eligible_device_app.c:1556:13:APP_CoapSinkCb	16	static
../source/router_eligible_device_app.c:1381:13:APP_ProcessLedCmd	24	static
../source/router_eligible_device_app.c:1202:13:APP_SendLedCommand	24	static
../source/router_eligible_device_app.c:1310:13:APP_SendLedColorWheel	32	static
../source/router_eligible_device_app.c:1293:13:APP_SendLedFlash	16	static
../source/router_eligible_device_app.c:1276:13:APP_SendLedRgbOff	40	static
../source/router_eligible_device_app.c:1351:13:APP_CoapLedCb	16	static
../source/router_eligible_device_app.c:1245:13:APP_SendLedRgbOn	56	static
../source/router_eligible_device_app.c:1078:13:APP_ReportTemp	24	static
../source/router_eligible_device_app.c:1156:13:APP_SendDataSinkCreate	16	static
../source/router_eligible_device_app.c:1697:13:APP_PrintTmrInfo	80	static
../source/router_eligible_device_app.c:1745:13:APP_CoapRestartTmrRxCb	16	static
../source/router_eligible_device_app.c:1737:13:APP_CoapStartTmrRxCb	16	static
../source/router_eligible_device_app.c:1729:13:APP_CoapStopTmrRxCb	16	static
../source/router_eligible_device_app.c:1485:13:APP_CoapTempCb	88	static
../source/router_eligible_device_app.c:1723:13:APP_CoapStopMyTmrCb	16	static
../source/router_eligible_device_app.c:583:15:APP_InitLeaderAddr	104	static
../source/router_eligible_device_app.c:688:13:APP_InitCoapDemo	112	static
../source/router_eligible_device_app.c:542:13:APP_StartCounterRequests	8	static
../source/router_eligible_device_app.c:611:13:APP_SendCounterRequest	16	static
../source/router_eligible_device_app.c:562:13:APP_RequestCounterMsg	8	static
../source/router_eligible_device_app.c:645:13:APP_CoapCounterReplyCb	80	static
../source/router_eligible_device_app.c:236:6:APP_Init	8	static
../source/router_eligible_device_app.c:298:6:APP_Handler	8	static
../source/router_eligible_device_app.c:323:6:APP_NwkScanHandler	16	static
../source/router_eligible_device_app.c:349:6:Stack_to_APP_Handler	16	static
../source/router_eligible_device_app.c:461:6:APP_Commissioning_Handler	80	static
../source/router_eligible_device_app.c:529:6:App_RestoreLeaderLedCb	8	static
