../source/router_eligible_device_app.c:823:13:APP_ThrNwkJoin	8	static
../source/router_eligible_device_app.c:1095:13:APP_JoinEventsHandler	8	static
../source/router_eligible_device_app.c:841:13:App_JoinTimerCallback	8	static
../source/router_eligible_device_app.c:976:13:APP_AppModeHandleKeyboard	8	static
../source/router_eligible_device_app.c:671:13:APP_RequestTimerCb	8	static
../source/router_eligible_device_app.c:1071:13:App_UpdateStateLeds	8	static
../source/router_eligible_device_app.c:862:13:APP_ConfigModeSwShortPressHandler	8	static
../source/router_eligible_device_app.c:933:13:APP_ConfigModeHandleKeyboard	8	static
../source/router_eligible_device_app.c:1045:13:App_HandleKeyboard	8	static
../source/router_eligible_device_app.c:1698:13:App_RestoreLeaderLed	8	static
../source/router_eligible_device_app.c:1431:13:APP_LocalDataSinkRelease	24	static
../source/router_eligible_device_app.c:1230:20:APP_SendDataSinkCommand	40	static
../source/router_eligible_device_app.c:1281:13:APP_SendDataSinkRelease	24	static
../source/router_eligible_device_app.c:1817:13:APP_ReplyIfCon	8	static
../source/router_eligible_device_app.c:1143:13:APP_CoapGenericCallback	8	static
../source/router_eligible_device_app.c:1659:13:APP_CoapSinkCb	16	static
../source/router_eligible_device_app.c:565:13:APP_UpdateAccelLed	16	static
../source/router_eligible_device_app.c:1484:13:APP_ProcessLedCmd	24	static
../source/router_eligible_device_app.c:1305:13:APP_SendLedCommand	24	static
../source/router_eligible_device_app.c:1413:13:APP_SendLedColorWheel	32	static
../source/router_eligible_device_app.c:1396:13:APP_SendLedFlash	16	static
../source/router_eligible_device_app.c:1379:13:APP_SendLedRgbOff	40	static
../source/router_eligible_device_app.c:1454:13:APP_CoapLedCb	16	static
../source/router_eligible_device_app.c:1348:13:APP_SendLedRgbOn	56	static
../source/router_eligible_device_app.c:1181:13:APP_ReportTemp	24	static
../source/router_eligible_device_app.c:1259:13:APP_SendDataSinkCreate	16	static
../source/router_eligible_device_app.c:792:13:APP_InitCoapDemo	120	static
../source/router_eligible_device_app.c:681:15:APP_InitLeaderAddr	80	static
../source/router_eligible_device_app.c:1800:13:APP_PrintTmrInfo	80	static
../source/router_eligible_device_app.c:1913:13:APP_CoapRestartTmrRxCb	16	static
../source/router_eligible_device_app.c:1905:13:APP_CoapStartTmrRxCb	16	static
../source/router_eligible_device_app.c:1897:13:APP_CoapStopTmrRxCb	16	static
../source/router_eligible_device_app.c:1825:13:APP_CoapAccelRxCb	104	static
../source/router_eligible_device_app.c:1588:13:APP_CoapTempCb	88	static
../source/router_eligible_device_app.c:1891:13:APP_CoapStopMyTmrCb	16	static
../source/router_eligible_device_app.c:638:13:APP_StartCounterRequests	8	static
../source/router_eligible_device_app.c:715:13:APP_SendCounterRequest	16	static
../source/router_eligible_device_app.c:660:13:APP_RequestCounterMsg	8	static
../source/router_eligible_device_app.c:749:13:APP_CoapCounterReplyCb	80	static
../source/router_eligible_device_app.c:251:6:APP_Init	8	static
../source/router_eligible_device_app.c:313:6:APP_Handler	8	static
../source/router_eligible_device_app.c:338:6:APP_NwkScanHandler	16	static
../source/router_eligible_device_app.c:364:6:Stack_to_APP_Handler	16	static
../source/router_eligible_device_app.c:479:6:APP_Commissioning_Handler	80	static
../source/router_eligible_device_app.c:547:6:App_RestoreLeaderLedCb	8	static
